
 RUN  v4.1.7 <test-checkouts>/source/packages/app

 ❯ |unit| src/runtime/daemon-start-service.test.ts (23 tests | 1 failed | 22 skipped) 5ms
     × asks for an existing daemon's password without starting another process 4ms

⎯⎯⎯⎯⎯⎯⎯ Failed Tests 1 ⎯⎯⎯⎯⎯⎯⎯

 FAIL  |unit| src/runtime/daemon-start-service.test.ts > DaemonStartService > asks for an existing daemon's password without starting another process
AssertionError: expected [] to deeply equal [ null ]

- Expected
+ Received

- [
-   null,
- ]
+ []

 ❯ src/runtime/daemon-start-service.test.ts:142:30
    140|     service.clearPendingLocalConnection();
    141|     expect(service.getPendingLocalConnection()).toBeNull();
    142|     expect(pendingSnapshots).toEqual([null]);
       |                              ^
    143|   });
    144|

⎯⎯⎯⎯⎯⎯⎯⎯⎯⎯⎯⎯⎯⎯⎯⎯⎯⎯⎯⎯⎯⎯⎯⎯[1/1]⎯


 Test Files  1 failed (1)
      Tests  1 failed | 22 skipped (23)
   Start at  22:38:42
   Duration  3.28s (transform 2.70s, setup 27ms, import 3.12s, tests 5ms, environment 0ms)

